C51 COMPILER V9.60.0.0   MAIN                                                              12/08/2020 20:19:16 PAGE 1   


C51 COMPILER V9.60.0.0, COMPILATION OF MODULE MAIN
OBJECT MODULE PLACED IN main.OBJ
COMPILER INVOKED BY: C:\Keil_v5\C51\BIN\C51.EXE main.c OPTIMIZE(8,SPEED) BROWSE DEBUG OBJECTEXTEND TABS(2)

line level    source

   1          /*******************************************************************************
   2          *                 
   3          *                            普中科技
   4          --------------------------------------------------------------------------------
   5          * 实 验 名     : 24C02EEPROM存储试验
   6          * 实验说明       : 使用LCD1602显示写入的数据和读出的数据
   7          * 连接方式       : 见连接图
   8          * 注    意     : 
   9          *******************************************************************************/
  10          #include<reg51.h>
  11          #include"i2c.h"
  12          #include"lcd.h"
  13          
  14          //--定义使用的IO口--//
  15          //数码管IO
  16          #define GPIO_DIG  P0
  17          #define KEYMAT P1
  18          sbit LSA=P2^2;
  19          sbit LSB=P2^3;
  20          sbit LSC=P2^4;
  21          //按键IO
  22          sbit K1=P3^0;
  23          sbit K2=P3^1;
  24          sbit K3=P3^2;
  25          sbit K4=P3^3;
  26          
  27          //--定义全局变量--//
  28          unsigned char wordCode0[6] = "write:";
  29          unsigned char wordCode1[6] = " read:"; 
  30          uchar NUMBERS[] = "0123456789_";
  31          uchar list[10] = {10, 10, 10, 10, 10, 10, 10, 10, 10, 10};
  32          uchar read_list[10];
  33          uchar KeyValue;
  34          uchar KeyState = 0;
  35          uchar m = 0;
  36          uchar ADDR_write = 0;
  37          uchar clist = 0;
  38          uchar mode = 0;
  39          
  40          //--声明全局函数--//
  41          void At24c02Write(unsigned char ,unsigned char );
  42          unsigned char At24c02Read(unsigned char );
  43          void Delay10ms(unsigned int c);   //误差 0us
  44          void delay_10ms();
  45          void MatrixKeyDown();
  46          void LCD1602_Display();
  47          
  48          /*******************************************************************************
  49          * 函数名         : main
  50          * 函数功能     : 主函数
  51          * 输入           : 无
  52          * 输出           : 无
  53          *******************************************************************************/
  54          
  55          void main()
C51 COMPILER V9.60.0.0   MAIN                                                              12/08/2020 20:19:16 PAGE 2   

  56          {
  57   1        unsigned int num0 = 0,num1 = 0,n;
  58   1      
  59   1        LcdInit();
  60   1      
  61   1        LcdWriteCom(0x80);
  62   1        for(n=0; n<6; n++)
  63   1        {
  64   2          LcdWriteData(wordCode0[n]);
  65   2        }
  66   1        LcdWriteCom(0x80 + 0x40);
  67   1        for(n=0; n<6; n++)
  68   1        {
  69   2          LcdWriteData(wordCode1[n]);
  70   2        }
  71   1        
  72   1        LCD1602_Display();
  73   1        
  74   1        while(1)
  75   1        {
  76   2          if(K3 == 0)    //按键3按下
  77   2          {
  78   3            Delay10ms(1);
  79   3            if(K3 == 0)
  80   3            {
  81   4              LcdWriteCom(0x86+0x40);
  82   4              for(m = 0; m < 10; m++)
  83   4              {
  84   5                LcdWriteData(NUMBERS[At24c02Read(m)]);
  85   5                delay_10ms();
  86   5              }
  87   4            }
  88   3            while((n < 50)&&(K3 == 0))
  89   3            {
  90   4              n++;
  91   4              Delay10ms(1); 
  92   4            }     
  93   3            n = 0;
  94   3          }
  95   2            
  96   2          MatrixKeyDown();
  97   2          if (KeyState)
  98   2          {
  99   3            KeyState = 0;
 100   3            list[clist] = KeyValue;
 101   3            clist++;
 102   3            At24c02Write(ADDR_write,KeyValue);
 103   3            ADDR_write++;
 104   3          }
 105   2          
 106   2          LCD1602_Display();
 107   2        }
 108   1      }                  
 109          
 110          /*******************************************************************************
 111          * 函 数 名         : Delay10ms
 112          * 函数功能       : 延时函数，延时10ms
 113          * 输    入         : 无
 114          * 输    出         : 无
 115          *******************************************************************************/
 116          
 117          void Delay10ms(unsigned int c)   //误差 0us
C51 COMPILER V9.60.0.0   MAIN                                                              12/08/2020 20:19:16 PAGE 3   

 118          {
 119   1          unsigned char a, b;
 120   1      
 121   1        //--c已经在传递过来的时候已经赋值了，所以在for语句第一句就不用赋值了--//
 122   1          for (;c>0;c--)
 123   1        {
 124   2          for (b=38;b>0;b--)
 125   2          {
 126   3            for (a=130;a>0;a--);
 127   3          }          
 128   2        }       
 129   1      }
 130          
 131          /*******************************************************************************
 132          * 函 数 名         : void At24c02Write(unsigned char addr,unsigned char dat)
 133          * 函数功能       : 往24c02的一个地址写入一个数据
 134          * 输    入         : 无
 135          * 输    出         : 无
 136          *******************************************************************************/
 137          
 138          void At24c02Write(unsigned char addr,unsigned char dat)
 139          {
 140   1        I2C_Start();
 141   1        I2C_SendByte(0xa0, 1);//发送写器件地址
 142   1        I2C_SendByte(addr, 1);//发送要写入内存地址
 143   1        I2C_SendByte(dat, 0); //发送数据
 144   1        I2C_Stop();
 145   1      }
 146          /*******************************************************************************
 147          * 函 数 名         : unsigned char At24c02Read(unsigned char addr)
 148          * 函数功能       : 读取24c02的一个地址的一个数据
 149          * 输    入         : 无
 150          * 输    出         : 无
 151          *******************************************************************************/
 152          
 153          unsigned char At24c02Read(unsigned char addr)
 154          {
 155   1        unsigned char num;
 156   1        I2C_Start();
 157   1        I2C_SendByte(0xa0, 1); //发送写器件地址
 158   1        I2C_SendByte(addr, 1); //发送要读取的地址
 159   1        I2C_Start();
 160   1        I2C_SendByte(0xa1, 1); //发送读器件地址
 161   1        num=I2C_ReadByte(); //读取数据
 162   1        I2C_Stop();
 163   1        return num; 
 164   1      }
 165          
 166          void delay_10ms()
 167          {
 168   1        uchar a,b,c;
 169   1        for(c=1;c>0;c--)
 170   1          for(b=38;b>0;b--)
 171   1            for(a=130;a>0;a--);   
 172   1      }
 173          
 174          void MatrixKeyDown()
 175          {
 176   1        char a;
 177   1        KEYMAT = 0x0f;
 178   1        if(KEYMAT != 0x0f)
 179   1        {
C51 COMPILER V9.60.0.0   MAIN                                                              12/08/2020 20:19:16 PAGE 4   

 180   2          delay_10ms();
 181   2          if(KEYMAT != 0x0f)
 182   2          {
 183   3            KeyState = 1;
 184   3            KEYMAT = 0X0F;
 185   3            switch(KEYMAT)
 186   3            {
 187   4              case(0X07): KeyValue = 0;break;
 188   4              case(0X0b): KeyValue = 1;break;
 189   4              case(0X0d): KeyValue = 2;break;
 190   4              case(0X0e): KeyValue = 3;break;
 191   4            }
 192   3            KEYMAT = 0XF0;
 193   3            delay_10ms();
 194   3            switch(KEYMAT)
 195   3            {
 196   4              case(0X70): KeyValue = KeyValue;break;
 197   4              case(0Xb0): KeyValue = KeyValue+4;break;
 198   4              case(0Xd0): KeyValue = KeyValue+8;break;
 199   4              case(0Xe0): KeyValue = KeyValue+12;break;
 200   4            }
 201   3            while((a < 50)&&(KEYMAT != 0xf0))
 202   3            {
 203   4              delay_10ms();
 204   4              a++;
 205   4            }
 206   3            a = 0;
 207   3          }
 208   2        }
 209   1      }
 210          
 211          void LCD1602_Display()
 212          {
 213   1        if (mode == 0)
 214   1        {
 215   2          LcdWriteCom(0x86);
 216   2          for (m = 0; m < 10; m++)
 217   2          {
 218   3            LcdWriteData(NUMBERS[list[m]]);
 219   3          }
 220   2        }
 221   1        
 222   1        if (mode == 1)
 223   1        {
 224   2          LcdWriteCom(0x86 + 0x40);
 225   2          for (m = 0; m < 10; m++)
 226   2          {
 227   3            LcdWriteData(NUMBERS[read_list[m]]);
 228   3          }
 229   2        }
 230   1      }


MODULE INFORMATION:   STATIC OVERLAYABLE
   CODE SIZE        =    600    ----
   CONSTANT SIZE    =   ----    ----
   XDATA SIZE       =   ----    ----
   PDATA SIZE       =   ----    ----
   DATA SIZE        =     50      11
   IDATA SIZE       =   ----    ----
   BIT SIZE         =   ----    ----
END OF MODULE INFORMATION.

C51 COMPILER V9.60.0.0   MAIN                                                              12/08/2020 20:19:16 PAGE 5   


C51 COMPILATION COMPLETE.  0 WARNING(S),  0 ERROR(S)
